
> medflow-v2@0.0.0 build
> tsc -b && vite build

src/pages/reports/ReportsPage.tsx(11,42): error TS6133: 'salesLoading' is declared but its value is never read.
src/pages/reports/ReportsPage.tsx(11,68): error TS2554: Expected 0 arguments, but got 1.
src/pages/reports/ReportsPage.tsx(20,15): error TS6133: 'data' is declared but its value is never read.
